02:37:35  render[setup]: build 38 ms + page.update 5 ms = 43 ms
02:37:35  render[setup]: build 40 ms + page.update 9 ms = 50 ms
02:37:39  render[setup]: build 53 ms + page.update 2 ms = 55 ms
02:37:42  render[setup]: build 14 ms + page.update 2 ms = 16 ms
02:37:46  render[setup]: build 28 ms + page.update 4 ms = 32 ms
02:38:22  render[setup]: build 27 ms + page.update 2 ms = 30 ms
02:38:22  render[setup]: build 33 ms + page.update 4 ms = 38 ms
02:38:29  render[setup]: build 40 ms + page.update 6 ms = 46 ms
02:38:29  render[setup]: build 33 ms + page.update 6 ms = 39 ms
02:38:29  render[setup]: build 45 ms + page.update 8 ms = 53 ms
02:38:31  render[setup]: build 97 ms + page.update 12 ms = 109 ms
02:38:34  render[setup]: build 65 ms + page.update 5 ms = 70 ms
02:38:57  render[setup]: build 66 ms + page.update 4 ms = 71 ms
02:39:01  render[setup]: build 33 ms + page.update 4 ms = 37 ms
02:39:01  render[setup]: build 90 ms + page.update 5 ms = 95 ms
02:39:01  render[setup]: build 89 ms + page.update 10 ms = 99 ms
02:39:03  render[setup]: build 81 ms + page.update 11 ms = 91 ms
02:39:12  render[regression]: build 72 ms + page.update 5 ms = 77 ms
02:39:16  render[regression]: build 59 ms + page.update 8 ms = 68 ms
02:39:26  render[regression]: build 51 ms + page.update 6 ms = 57 ms
02:39:44  render[regression]: build 209 ms + page.update 75 ms = 284 ms
02:39:45  build_rows.fetch_meta (441 stories): 0 ms
02:39:45  build_rows.count_cases (441 stories): 3 ms
02:39:45  render[regression]: build 218 ms + page.update 60 ms = 278 ms
02:39:50  table.rebuild_rows: 2 ms
02:39:50  table.flet_update: 23 ms
02:39:54  table.rebuild_rows: 2 ms
02:39:54  table.flet_update: 25 ms
02:39:54  table.rebuild_rows: 2 ms
02:39:54  table.flet_update: 25 ms
02:39:58  table.rebuild_rows: 2 ms
02:39:58  table.flet_update: 24 ms
02:40:09  render[automation]: build 49 ms + page.update 3 ms = 52 ms
02:40:20  render[links]: build 54 ms + page.update 5 ms = 59 ms
02:40:36  render[setup]: build 192 ms + page.update 19 ms = 211 ms
02:40:37  render[setup]: build 125 ms + page.update 21 ms = 147 ms
02:41:01  render[testplan]: build 70 ms + page.update 10 ms = 79 ms
02:41:02  render[testplan]: build 68 ms + page.update 9 ms = 77 ms
02:41:07  render[testplan]: build 106 ms + page.update 15 ms = 121 ms
02:41:09  cp.fetch_stories (1 sprints): 2026 ms
02:41:10  cp.fetch_meta+features (11 stories): 392 ms
02:41:10  render[testplan]: build 83 ms + page.update 10 ms = 93 ms
02:41:46  render[setup]: build 108 ms + page.update 18 ms = 126 ms
02:42:05  render[settings]: build 71 ms + page.update 10 ms = 81 ms
02:42:11  render[setup]: build 100 ms + page.update 19 ms = 119 ms
02:42:49  render[setup]: build 120 ms + page.update 14 ms = 134 ms
02:42:59  render[setup]: build 112 ms + page.update 17 ms = 129 ms
02:44:59  render[users]: build 99 ms + page.update 11 ms = 110 ms
02:45:01  render[users]: build 91 ms + page.update 15 ms = 105 ms
02:45:06  render[users]: build 94 ms + page.update 16 ms = 110 ms
03:23:05  render[setup]: build 20 ms + page.update 4 ms = 24 ms
03:23:05  render[setup]: build 48 ms + page.update 5 ms = 53 ms
03:23:10  render[setup]: build 31 ms + page.update 4 ms = 34 ms
03:23:20  render[setup]: build 27 ms + page.update 4 ms = 32 ms
03:26:12  render[setup]: build 61 ms + page.update 9 ms = 69 ms
03:26:15  render[setup]: build 67 ms + page.update 10 ms = 77 ms
03:26:15  render[setup]: build 97 ms + page.update 14 ms = 110 ms
03:26:16  render[setup]: build 65 ms + page.update 9 ms = 75 ms
03:27:38  render[setup]: build 93 ms + page.update 10 ms = 103 ms
03:27:44  render[setup]: build 52 ms + page.update 9 ms = 61 ms
03:27:50  render[setup]: build 89 ms + page.update 10 ms = 99 ms
03:27:50  render[setup]: build 96 ms + page.update 15 ms = 110 ms
03:27:52  render[setup]: build 117 ms + page.update 10 ms = 127 ms
03:27:53  render[setup]: build 157 ms + page.update 12 ms = 168 ms
03:28:13  render[setup]: build 91 ms + page.update 9 ms = 100 ms
03:28:22  render[setup]: build 72 ms + page.update 9 ms = 81 ms
03:28:27  render[setup]: build 86 ms + page.update 10 ms = 96 ms
03:28:27  render[setup]: build 104 ms + page.update 10 ms = 114 ms
03:28:28  render[setup]: build 159 ms + page.update 10 ms = 169 ms
03:28:29  render[setup]: build 97 ms + page.update 12 ms = 109 ms
08:15:41  render[setup]: build 71 ms + page.update 15 ms = 86 ms
08:15:41  render[setup]: build 142 ms + page.update 27 ms = 169 ms
08:15:46  render[setup]: build 325 ms + page.update 29 ms = 354 ms
08:15:46  render[setup]: build 291 ms + page.update 33 ms = 323 ms
08:15:48  render[setup]: build 147 ms + page.update 38 ms = 185 ms
08:15:51  render[setup]: build 513 ms + page.update 43 ms = 556 ms
08:15:53  render[automation]: build 1053 ms + page.update 41 ms = 1094 ms
08:15:54  render[automation]: build 267 ms + page.update 39 ms = 306 ms
08:15:54  render[automation]: build 181 ms + page.update 20 ms = 201 ms
08:21:38  render[setup]: build 54 ms + page.update 7 ms = 62 ms
08:21:38  render[setup]: build 66 ms + page.update 12 ms = 78 ms
10:27:43  render[setup]: build 29 ms + page.update 6 ms = 36 ms
10:27:43  render[setup]: build 78 ms + page.update 12 ms = 90 ms
10:27:45  render[setup]: build 65 ms + page.update 7 ms = 72 ms
10:27:45  render[setup]: build 61 ms + page.update 9 ms = 70 ms
10:27:46  render[setup]: build 64 ms + page.update 8 ms = 72 ms
10:27:48  render[setup]: build 88 ms + page.update 8 ms = 95 ms
10:27:49  render[setup]: build 62 ms + page.update 7 ms = 69 ms
10:27:49  render[task_manager]: build 108 ms + page.update 4 ms = 112 ms
10:27:50  render[task_manager]: build 33 ms + page.update 5 ms = 37 ms
10:27:54  render[task_manager]: build 43 ms + page.update 6 ms = 49 ms
10:27:55  render[task_manager]: build 51 ms + page.update 6 ms = 57 ms
10:28:00  render[task_manager]: build 56 ms + page.update 6 ms = 62 ms
10:28:01  render[task_manager]: build 56 ms + page.update 7 ms = 63 ms
10:28:01  render[task_manager]: build 91 ms + page.update 18 ms = 109 ms
04:43:53  render[setup]: build 28 ms + page.update 5 ms = 34 ms
04:43:53  render[setup]: build 71 ms + page.update 7 ms = 79 ms
04:43:54  render[setup]: build 55 ms + page.update 7 ms = 62 ms
04:43:54  render[setup]: build 72 ms + page.update 11 ms = 83 ms
04:43:55  render[setup]: build 56 ms + page.update 7 ms = 63 ms
04:43:56  render[setup]: build 67 ms + page.update 6 ms = 73 ms
04:43:57  render[setup]: build 86 ms + page.update 9 ms = 95 ms
04:44:02  render[setup]: build 75 ms + page.update 7 ms = 83 ms
04:49:19  render[setup]: build 28 ms + page.update 6 ms = 34 ms
04:49:19  render[setup]: build 67 ms + page.update 8 ms = 75 ms
12:29:44  render[setup]: build 10 ms + page.update 6 ms = 16 ms
12:29:45  render[setup]: build 8 ms + page.update 11 ms = 18 ms
12:29:54  render[ai_usage]: build 12 ms + page.update 4 ms = 16 ms
12:29:54  render[ai_usage]: build 9 ms + page.update 4 ms = 13 ms
12:29:54  render[setup]: build 18 ms + page.update 10 ms = 28 ms
12:29:54  render[setup]: build 11 ms + page.update 13 ms = 24 ms
12:29:58  render[ai_usage]: build 9 ms + page.update 5 ms = 15 ms
12:29:58  render[ai_usage]: build 11 ms + page.update 3 ms = 14 ms
12:29:58  render[setup]: build 7 ms + page.update 7 ms = 15 ms
12:29:58  render[setup]: build 8 ms + page.update 15 ms = 23 ms
12:30:02  render[users]: build 95 ms + page.update 3 ms = 99 ms
12:30:03  render[users]: build 86 ms + page.update 8 ms = 94 ms
12:30:05  render[ai_usage]: build 8 ms + page.update 3 ms = 11 ms
12:30:05  render[ai_usage]: build 35 ms + page.update 5 ms = 39 ms
12:30:06  render[setup]: build 16 ms + page.update 8 ms = 24 ms
12:30:06  render[setup]: build 7 ms + page.update 9 ms = 16 ms
12:30:09  render[ai_usage]: build 9 ms + page.update 3 ms = 12 ms
12:30:09  render[ai_usage]: build 8 ms + page.update 4 ms = 13 ms
12:30:10  render[setup]: build 8 ms + page.update 7 ms = 15 ms
12:30:10  render[setup]: build 13 ms + page.update 10 ms = 23 ms
12:30:10  render[ai_usage]: build 39 ms + page.update 18 ms = 57 ms
12:30:10  render[setup]: build 9 ms + page.update 7 ms = 16 ms
12:30:11  render[setup]: build 7 ms + page.update 12 ms = 20 ms
12:30:14  render[ai_usage]: build 10 ms + page.update 3 ms = 14 ms
12:30:14  render[ai_usage]: build 4 ms + page.update 4 ms = 8 ms
12:30:14  render[setup]: build 7 ms + page.update 11 ms = 19 ms
12:30:14  render[setup]: build 8 ms + page.update 11 ms = 19 ms
12:30:20  render[setup]: build 12 ms + page.update 8 ms = 20 ms
12:30:20  render[setup]: build 9 ms + page.update 9 ms = 18 ms
12:30:20  render[setup]: build 11 ms + page.update 9 ms = 20 ms
12:34:47  render[setup]: build 9 ms + page.update 9 ms = 18 ms
12:34:47  render[setup]: build 12 ms + page.update 8 ms = 20 ms
12:35:00  render[setup]: build 13 ms + page.update 5 ms = 18 ms
12:35:00  render[setup]: build 15 ms + page.update 9 ms = 24 ms
12:35:03  render[ai_usage]: build 10 ms + page.update 3 ms = 13 ms
12:35:03  render[ai_usage]: build 3 ms + page.update 3 ms = 7 ms
12:35:04  render[ai_usage]: build 20 ms + page.update 29 ms = 49 ms
12:35:06  render[users]: build 81 ms + page.update 3 ms = 84 ms
12:35:07  render[users]: build 11 ms + page.update 5 ms = 17 ms
12:35:10  render[regression]: build 7 ms + page.update 4 ms = 11 ms
12:35:13  render[setup]: build 20 ms + page.update 9 ms = 29 ms
12:35:15  render[setup]: build 16 ms + page.update 12 ms = 28 ms
12:35:18  render[setup]: build 40 ms + page.update 10 ms = 50 ms
12:35:19  render[setup]: build 26 ms + page.update 9 ms = 35 ms
12:35:46  render[ai_usage]: build 11 ms + page.update 5 ms = 16 ms
12:35:46  render[ai_usage]: build 14 ms + page.update 4 ms = 18 ms
12:35:46  render[setup]: build 13 ms + page.update 8 ms = 20 ms
12:35:46  render[setup]: build 8 ms + page.update 7 ms = 15 ms
12:35:49  render[ai_usage]: build 10 ms + page.update 3 ms = 13 ms
12:35:49  render[ai_usage]: build 8 ms + page.update 6 ms = 14 ms
12:35:49  render[setup]: build 8 ms + page.update 10 ms = 18 ms
12:35:49  render[setup]: build 10 ms + page.update 14 ms = 24 ms
12:38:58  render[setup]: build 12 ms + page.update 7 ms = 19 ms
12:38:58  render[setup]: build 14 ms + page.update 6 ms = 20 ms
12:39:01  render[setup]: build 15 ms + page.update 10 ms = 26 ms
12:39:03  render[setup]: build 36 ms + page.update 9 ms = 45 ms
12:39:04  render[setup]: build 17 ms + page.update 8 ms = 25 ms
12:39:05  render[ai_usage]: build 12 ms + page.update 3 ms = 15 ms
12:39:05  render[ai_usage]: build 9 ms + page.update 4 ms = 13 ms
12:39:06  render[setup]: build 8 ms + page.update 7 ms = 15 ms
12:39:06  render[setup]: build 8 ms + page.update 33 ms = 41 ms
12:39:08  render[ai_usage]: build 5 ms + page.update 3 ms = 8 ms
12:39:08  render[ai_usage]: build 9 ms + page.update 4 ms = 13 ms
12:39:09  render[setup]: build 7 ms + page.update 8 ms = 15 ms
12:39:09  render[setup]: build 7 ms + page.update 7 ms = 14 ms
12:39:11  render[automation]: build 119 ms + page.update 5 ms = 124 ms
12:39:14  render[setup]: build 24 ms + page.update 13 ms = 37 ms
12:39:16  render[ai_usage]: build 11 ms + page.update 3 ms = 14 ms
12:39:16  render[ai_usage]: build 4 ms + page.update 3 ms = 7 ms
12:39:17  render[ai_usage]: build 35 ms + page.update 15 ms = 49 ms
12:39:20  render[task_manager]: build 9 ms + page.update 4 ms = 13 ms
12:39:22  render[regression]: build 11 ms + page.update 5 ms = 16 ms
12:39:26  render[setup]: build 19 ms + page.update 10 ms = 30 ms
12:39:28  render[setup]: build 17 ms + page.update 11 ms = 28 ms
12:39:29  render[setup]: build 28 ms + page.update 8 ms = 37 ms
12:39:29  render[setup]: build 121 ms + page.update 11 ms = 132 ms
12:39:40  render[users]: build 10 ms + page.update 3 ms = 14 ms
12:39:40  render[users]: build 35 ms + page.update 6 ms = 41 ms
12:39:44  render[setup]: build 16 ms + page.update 7 ms = 23 ms
12:39:51  render[regression]: build 15 ms + page.update 7 ms = 23 ms
12:39:52  render[regression]: build 15 ms + page.update 6 ms = 21 ms
12:39:55  render[users]: build 8 ms + page.update 6 ms = 14 ms
12:40:02  render[ai_usage]: build 11 ms + page.update 4 ms = 15 ms
12:40:02  render[ai_usage]: build 9 ms + page.update 4 ms = 13 ms
12:40:02  render[setup]: build 7 ms + page.update 10 ms = 17 ms
12:40:02  render[setup]: build 8 ms + page.update 11 ms = 19 ms
13:00:02  render[setup]: build 25 ms + page.update 23 ms = 48 ms
13:00:06  render[setup]: build 544 ms + page.update 39 ms = 584 ms
13:00:07  render[setup]: build 668 ms + page.update 98 ms = 766 ms
13:00:09  render[ai_usage]: build 13 ms + page.update 8 ms = 21 ms
13:00:09  render[ai_usage]: build 18 ms + page.update 9 ms = 26 ms
13:00:10  render[setup]: build 58 ms + page.update 23 ms = 81 ms
13:00:10  render[setup]: build 25 ms + page.update 26 ms = 51 ms
13:00:11  render[setup]: build 41 ms + page.update 83 ms = 124 ms
13:00:11  render[ai_usage]: build 197 ms + page.update 62 ms = 259 ms
13:00:12  render[setup]: build 24 ms + page.update 39 ms = 63 ms
13:00:12  render[setup]: build 31 ms + page.update 39 ms = 71 ms
13:00:15  render[ai_usage]: build 22 ms + page.update 16 ms = 38 ms
13:00:15  render[ai_usage]: build 29 ms + page.update 17 ms = 46 ms
13:00:16  render[setup]: build 30 ms + page.update 36 ms = 66 ms
13:00:16  render[setup]: build 28 ms + page.update 28 ms = 56 ms
